[liftdetoxcaps.com/liftpromo/index.html]
[backblue.gif]
[fade.gif]
[index.html]
[liftdetoxcaps.com/wp-content/themes/hello-elementor/style.minb12b.css]
[liftdetoxcaps.com/wp-content/themes/hello-elementor/theme.minb12b.css]
[liftdetoxcaps.com/wp-content/themes/hello-elementor/header-footer.minb12b.css]
[liftdetoxcaps.com/wp-content/plugins/elementor/assets/lib/eicons/css/elementor-icons.min444a.css]
[liftdetoxcaps.com/wp-content/plugins/elementor/assets/css/frontend.min5422.css]
[liftdetoxcaps.com/wp-content/uploads/2024/10/Background-Lift-Novo-Verde-1.png]
[liftdetoxcaps.com/wp-content/uploads/2024/10/BG-Mobile-Lift-Verde-1-scaled.jpg]
[liftdetoxcaps.com/wp-content/plugins/elementor/assets/lib/swiper/v8/css/swiper.min94a4.css]
[liftdetoxcaps.com/wp-content/plugins/elementor/assets/css/conditionals/e-swiper.min5422.css]
[liftdetoxcaps.com/wp-content/plugins/pro-elements/assets/css/conditionals/popup.minb403.css]
[liftdetoxcaps.com/wp-content/plugins/elementor/assets/lib/font-awesome/css/all.min5422.css]
[liftdetoxcaps.com/wp-content/plugins/elementor/assets/lib/font-awesome/css/v4-shims.min5422.css]
[liftdetoxcaps.com/wp-content/plugins/elementor/assets/css/widget-image.min5422.css]
[liftdetoxcaps.com/wp-content/plugins/elementor/assets/css/widget-heading.min5422.css]
[liftdetoxcaps.com/wp-content/plugins/elementor/assets/css/widget-divider.min5422.css]
[liftdetoxcaps.com/wp-content/plugins/elementor/assets/css/widget-image-carousel.min5422.css]
[liftdetoxcaps.com/wp-content/plugins/elementor/assets/css/widget-video.min5422.css]
[liftdetoxcaps.com/wp-content/plugins/elementor/assets/lib/font-awesome/css/fontawesome.min52d5.css]
[liftdetoxcaps.com/wp-content/plugins/elementor/assets/lib/font-awesome/css/solid.min52d5.css]
[liftdetoxcaps.com/wp-includes/js/jquery/jquery.minf43b.js]
[liftdetoxcaps.com/wp-includes/js/jquery/jquery-migrate.min5589.js]
[liftdetoxcaps.com/wp-content/plugins/elementor/assets/lib/font-awesome/js/v4-shims.min5422.js]
[liftdetoxcaps.com/wp-content/uploads/2023/04/Logotipo-Lift-Detox-Black-1-150x150.png]
[liftdetoxcaps.com/wp-content/uploads/2023/04/Logotipo-Lift-Detox-Black-1-300x300.png]
[connect.facebook.net/en_US/fbevents.js]
[liftdetoxcaps.com/wp-content/uploads/2024/10/Lift-Home-1.png]
[liftdetoxcaps.com/wp-content/uploads/2024/10/Design-sem-nome-2024-07-10T170917.954-3.png]
[liftdetoxcaps.com/wp-content/uploads/2024/10/Design-sem-nome-2024-07-10T170917.954-2.png]
[liftdetoxcaps.com/wp-content/uploads/2024/10/Intestino-1.png]
[liftdetoxcaps.com/wp-content/uploads/2024/10/Apetite-1.png]
[liftdetoxcaps.com/wp-content/uploads/2024/10/Estrias-1.png]
[liftdetoxcaps.com/wp-content/uploads/2024/10/Efeito-Lift-1.png]
[liftdetoxcaps.com/wp-content/uploads/2024/10/Img-Mulher-Detox-1.png]
[liftdetoxcaps.com/wp-content/uploads/2024/10/Quitosana-4-1.png]
[liftdetoxcaps.com/wp-content/uploads/2024/10/Laranja-1.png]
[liftdetoxcaps.com/wp-content/uploads/2024/10/Cromo-11-1.png]
[liftdetoxcaps.com/wp-content/uploads/2024/10/Espirulina-2-1.png]
[liftdetoxcaps.com/wp-content/uploads/2024/10/Pysillium-1.png]
[liftdetoxcaps.com/wp-content/uploads/2024/10/Colageno-6.png]
[liftdetoxcaps.com/wp-content/uploads/2024/10/DEP-10.png]
[liftdetoxcaps.com/wp-content/uploads/2024/10/DEP-11.png]
[liftdetoxcaps.com/wp-content/uploads/2024/10/DEP-9.png]
[liftdetoxcaps.com/wp-content/uploads/2024/10/1-Lift-Novo-3.png]
[liftdetoxcaps.com/wp-content/uploads/2024/10/3-Lift-Novo-2-1.png]
[liftdetoxcaps.com/wp-content/uploads/2024/10/5-Lift-Novo-2-1.png]
[liftdetoxcaps.com/wp-content/uploads/2024/10/10-Lift-Novo-2-1.png]
[liftdetoxcaps.com/wp-content/uploads/2022/05/Como-Comprar-Checkout_2.gif]
[liftdetoxcaps.com/wp-content/uploads/2024/10/Garantia-7D-Lift-1.png]
[liftdetoxcaps.com/wp-content/uploads/2022/05/pagamento-icon.png]
[liftdetoxcaps.com/wp-content/plugins/pro-elements/assets/css/widget-testimonial-carousel.minb403.css]
[liftdetoxcaps.com/wp-content/plugins/pro-elements/assets/css/widget-carousel-module-base.minb403.css]
[liftdetoxcaps.com/wp-includes/js/dist/hooks.min4fdd.js]
[liftdetoxcaps.com/wp-includes/js/dist/i18n.minc33c.js]
[liftdetoxcaps.com/wp-content/plugins/presto-player/src/player/player-static4408.js]
[liftdetoxcaps.com/wp-content/themes/hello-elementor/assets/js/hello-frontend.minb12b.js]
[liftdetoxcaps.com/wp-includes/js/imagesloaded.minbb93.js]
[liftdetoxcaps.com/wp-content/plugins/pro-elements/assets/js/webpack-pro.runtime.minb403.js]
[liftdetoxcaps.com/wp-content/plugins/elementor/assets/js/webpack.runtime.min5422.js]
[liftdetoxcaps.com/wp-content/plugins/elementor/assets/js/frontend-modules.min5422.js]
[liftdetoxcaps.com/wp-content/plugins/pro-elements/assets/js/frontend.minb403.js]
[liftdetoxcaps.com/wp-includes/js/jquery/ui/core.minb37e.js]
[liftdetoxcaps.com/wp-content/plugins/elementor/assets/js/frontend.min5422.js]
[liftdetoxcaps.com/wp-content/plugins/pro-elements/assets/js/elements-handlers.minb403.js]
[liftdetoxcaps.com/liftpromo/index.html]
[www.googletagmanager.com/gtm5445.html]
[liftdetoxcaps.com/wp-content/themes/hello-elementor/style.minb12b.css]
[liftdetoxcaps.com/wp-content/themes/hello-elementor/theme.minb12b.css]
[liftdetoxcaps.com/wp-content/themes/hello-elementor/header-footer.minb12b.css]
[liftdetoxcaps.com/wp-content/plugins/elementor/assets/lib/eicons/css/elementor-icons.min444a.css]
[liftdetoxcaps.com/wp-content/plugins/elementor/assets/css/frontend.min5422.css]
[liftdetoxcaps.com/wp-content/plugins/elementor/assets/lib/swiper/v8/css/swiper.min94a4.css]
[liftdetoxcaps.com/wp-content/plugins/elementor/assets/css/conditionals/e-swiper.min5422.css]
[liftdetoxcaps.com/wp-content/plugins/pro-elements/assets/css/conditionals/popup.minb403.css]
[liftdetoxcaps.com/wp-content/plugins/elementor/assets/lib/font-awesome/css/all.min5422.css]
[liftdetoxcaps.com/wp-content/plugins/elementor/assets/lib/font-awesome/css/v4-shims.min5422.css]
[liftdetoxcaps.com/wp-content/plugins/elementor/assets/css/widget-image.min5422.css]
[liftdetoxcaps.com/wp-content/plugins/elementor/assets/css/widget-heading.min5422.css]
[liftdetoxcaps.com/wp-content/plugins/elementor/assets/css/widget-divider.min5422.css]
[liftdetoxcaps.com/wp-content/plugins/elementor/assets/css/widget-image-carousel.min5422.css]
[liftdetoxcaps.com/wp-content/plugins/elementor/assets/css/widget-video.min5422.css]
[liftdetoxcaps.com/wp-content/plugins/elementor/assets/lib/font-awesome/css/fontawesome.min52d5.css]
[liftdetoxcaps.com/wp-content/plugins/elementor/assets/lib/font-awesome/css/solid.min52d5.css]
[liftdetoxcaps.com/wp-includes/js/jquery/jquery.minf43b.js]
[liftdetoxcaps.com/wp-includes/js/jquery/jquery-migrate.min5589.js]
[liftdetoxcaps.com/wp-content/plugins/elementor/assets/lib/font-awesome/js/v4-shims.min5422.js]
[liftdetoxcaps.com/cdn-cgi/scripts/7d0fa10a/cloudflare-static/rocket-loader.min.js]
[liftdetoxcaps.com/liftpromo/Trident/index.html]
[liftdetoxcaps.com/liftpromo/a.41.delayed]
[liftdetoxcaps.com/liftpromo/POST]
[liftdetoxcaps.com/liftpromo/b.resolvedLink]
[liftdetoxcaps.com/liftpromo/schema.org/index.html]
[liftdetoxcaps.com/signals/iwl.js]
[connect.facebook.net/en_US/fbevents.js]
[liftdetoxcaps.com/wp-content/plugins/pro-elements/assets/css/widget-testimonial-carousel.minb403.css]
[liftdetoxcaps.com/wp-content/plugins/pro-elements/assets/css/widget-carousel-module-base.minb403.css]
[liftdetoxcaps.com/wp-includes/js/dist/hooks.min4fdd.js]
[liftdetoxcaps.com/wp-includes/js/dist/i18n.minc33c.js]
[liftdetoxcaps.com/wp-content/plugins/presto-player/src/player/player-static4408.js]
[liftdetoxcaps.com/wp-content/themes/hello-elementor/assets/js/hello-frontend.minb12b.js]
[liftdetoxcaps.com/wp-includes/js/imagesloaded.minbb93.js]
[liftdetoxcaps.com/wp-content/plugins/pro-elements/assets/js/webpack-pro.runtime.minb403.js]
[liftdetoxcaps.com/wp-content/plugins/elementor/assets/js/webpack.runtime.min5422.js]
[liftdetoxcaps.com/wp-content/plugins/elementor/assets/js/frontend-modules.min5422.js]
[liftdetoxcaps.com/wp-content/plugins/pro-elements/assets/js/frontend.minb403.js]
[liftdetoxcaps.com/wp-includes/js/jquery/ui/core.minb37e.js]
[liftdetoxcaps.com/liftpromo/-negative.svg]
[liftdetoxcaps.com/wp-content/plugins/elementor/assets/js/frontend.min5422.js]
[liftdetoxcaps.com/liftpromo/window.location.href]
[liftdetoxcaps.com/wp-content/plugins/pro-elements/assets/js/elements-handlers.minb403.js]
[liftdetoxcaps.com/liftpromo/Trident/index.html]
[liftdetoxcaps.com/liftpromo/a.html]
[liftdetoxcaps.com/liftpromo/POST.html]
[liftdetoxcaps.com/liftpromo/schema.org/index.html]
[liftdetoxcaps.com/liftpromo/b.html]
[liftdetoxcaps.com/signals/iwl.html]
[liftdetoxcaps.com/liftpromo/-negative.html]
[liftdetoxcaps.com/liftpromo/OPR/index.html]
[liftdetoxcaps.com/liftpromo/OPR/index.html]
[liftdetoxcaps.com/liftpromo/window.location.html]
